seasons [2019, 2020, 2021, 2022, 2024, 2025]   features 20 -> 44 design columns
  design columns include a `__present` indicator per input: absence is declared,
  never silently coded as the positional mean.

------------------------------------------------------------------------------
HELD OUT 2019   fitted on [2020, 2021, 2022, 2024, 2025]
  incumbent    RWRE  18.402   QB   5.67  RB   8.48  TE   6.09  WR  12.60
  learned      RWRE  23.027   QB   5.00  RB   8.69  TE   6.90  WR  11.67   eff params   26.4   lam 100
  two-stage    RWRE  23.300   QB   4.39  RB   8.42  TE   6.37  WR  10.92   eff params   35.0   lam 10
  quantile     RWRE  18.778   QB   6.50  RB   8.46  TE   6.04  WR  11.00   eff params    1.0   q +0.5
  boosted      RWRE  21.404   QB   7.45  RB   7.25  TE   5.30  WR  11.28   60 stumps x 0.05

------------------------------------------------------------------------------
HELD OUT 2020   fitted on [2019, 2021, 2022, 2024, 2025]
  incumbent    RWRE  23.406   QB   3.89  RB   7.84  TE   5.80  WR   9.22
  learned      RWRE  26.612   QB   3.89  RB   8.65  TE   7.26  WR  10.60   eff params   26.9   lam 100
  two-stage    RWRE  26.395   QB   3.86  RB   8.29  TE   6.16  WR  12.40   eff params   38.3   lam 1
  quantile     RWRE  23.728   QB   4.27  RB   7.94  TE   5.52  WR   9.25   eff params    1.0   q +0.5
  boosted      RWRE  25.358   QB   4.55  RB   8.31  TE   5.52  WR  10.72   60 stumps x 0.05

------------------------------------------------------------------------------
HELD OUT 2021   fitted on [2019, 2020, 2022, 2024, 2025]
  incumbent    RWRE  24.396   QB   2.70  RB   7.97  TE   4.89  WR  11.71
  learned      RWRE  24.935   QB   5.86  RB   8.29  TE   4.98  WR  11.43   eff params   27.0   lam 100
  two-stage    RWRE  25.703   QB   5.76  RB   8.07  TE   5.31  WR  11.19   eff params   35.6   lam 10
  quantile     RWRE  24.528   QB   2.92  RB   7.67  TE   5.14  WR  11.66   eff params    1.0   q +0.25
  boosted      RWRE  24.287   QB   2.52  RB   7.64  TE   4.75  WR  11.38   60 stumps x 0.05

------------------------------------------------------------------------------
HELD OUT 2022   fitted on [2019, 2020, 2021, 2024, 2025]
  incumbent    RWRE  22.892   QB   4.97  RB  10.49  TE   4.89  WR   8.74
  learned      RWRE  25.182   QB   2.76  RB  10.19  TE   5.25  WR   7.89   eff params   27.0   lam 100
  two-stage    RWRE  24.683   QB   3.07  RB  10.81  TE   6.32  WR   8.46   eff params   27.0   lam 100
  quantile     RWRE  23.202   QB   5.07  RB   9.79  TE   4.85  WR   8.68   eff params    1.0   q +0.5
  boosted      RWRE  25.238   QB   4.97  RB  10.73  TE   4.36  WR   9.00   60 stumps x 0.05

------------------------------------------------------------------------------
HELD OUT 2024   fitted on [2019, 2020, 2021, 2022, 2025]
  incumbent    RWRE  25.566   QB   4.31  RB   8.36  TE   6.02  WR  11.47
  learned      RWRE  25.206   QB   6.10  RB   8.95  TE   5.81  WR  10.94   eff params   27.1   lam 100
  two-stage    RWRE  26.196   QB   5.17  RB   9.16  TE   5.78  WR  12.03   eff params   35.7   lam 10
  quantile     RWRE  25.543   QB   5.17  RB   8.34  TE   5.31  WR  11.38   eff params    1.0   q +0.5
  boosted      RWRE  26.021   QB   4.31  RB   8.67  TE   6.95  WR  12.81   60 stumps x 0.05

------------------------------------------------------------------------------
HELD OUT 2025   fitted on [2019, 2020, 2021, 2022, 2024]
  incumbent    RWRE  19.891   QB   5.66  RB   6.83  TE   5.65  WR  10.62
  learned      RWRE  20.702   QB   6.27  RB   6.92  TE   4.41  WR  10.65   eff params   27.1   lam 100
  two-stage    RWRE  24.222   QB   6.23  RB   8.05  TE   6.35  WR  11.78   eff params   35.6   lam 10
  quantile     RWRE  20.157   QB   5.71  RB   6.68  TE   5.93  WR  10.97   eff params    1.0   q +0.5
  boosted      RWRE  25.136   QB   5.64  RB   6.85  TE   5.69  WR  10.55   60 stumps x 0.05

==============================================================================
PHASE 3 -- every shape, including the ones that lost
==============================================================================
  shape            RWRE   vs incumbent  eff params
  incumbent      22.425                        1.0
  learned        24.277         +1.852        26.9
      fitted per fold: lam 100  lam 100  lam 100  lam 100  lam 100  lam 100
  two-stage      25.083         +2.658        34.5
      fitted per fold: lam 10  lam 1  lam 10  lam 100  lam 10  lam 10
  quantile       22.656         +0.231         1.0
      fitted per fold: q +0.5  q +0.5  q +0.25  q +0.5  q +0.5  q +0.5
  boosted        24.574         +2.149         6.0
      fitted per fold: 60 stumps x 0.05  60 stumps x 0.05  60 stumps x 0.05  60 stumps x 0.05  60 stumps x 0.05  60 stumps x 0.05

  per season:
    incumbent    2019: 18.40  2020: 23.41  2021: 24.40  2022: 22.89  2024: 25.57  2025: 19.89
    learned      2019: 23.03  2020: 26.61  2021: 24.94  2022: 25.18  2024: 25.21  2025: 20.70
    two-stage    2019: 23.30  2020: 26.39  2021: 25.70  2022: 24.68  2024: 26.20  2025: 24.22
    quantile     2019: 18.78  2020: 23.73  2021: 24.53  2022: 23.20  2024: 25.54  2025: 20.16
    boosted      2019: 21.40  2020: 25.36  2021: 24.29  2022: 25.24  2024: 26.02  2025: 25.14

  per position, mean over folds (INJECTION 6 -- never board-wide alone):
    incumbent    QB   4.53  RB   8.33  TE   5.56  WR  10.73
    learned      QB   4.98  RB   8.62  TE   5.77  WR  10.53
    two-stage    QB   4.75  RB   8.80  TE   6.05  WR  11.13
    quantile     QB   4.94  RB   8.15  TE   5.46  WR  10.49
    boosted      QB   4.91  RB   8.24  TE   5.43  WR  10.96

  boosted feature importances, mean over folds (top 15):
    pos_QB                        40.0%
    projection                    35.1%
    ffa_dropoff__present          11.4%
    pos_RB                         3.7%
    ngs_rush_eff__present          3.5%
    uncertainty                    2.9%
    adp_gap__present               2.2%
    contract                       1.2%
